Microchip MPLAB XC8 Compiler V1.38 ()

Linker command line:

-W-3 --edf=C:\Program Files (x86)\Microchip\xc8\v1.38\dat\en_msgs.txt -cs \
  -h+dist/default/production\66k40EndNode.X.production.sym \
  --cmf=dist/default/production\66k40EndNode.X.production.cmf -z \
  -Q18LF66K40 -oC:\Users\user\AppData\Local\Temp\sbsc.2 \
  -Mdist/default/production/66k40EndNode.X.production.map -E1 -ver=XC8 \
  -ASTACK=06FEh-0dddh -pstack=STACK -ACODE=00h-0FFFFh -ACONST=00h-0FFFFh \
  -ASMALLCONST=0E00h-0EFFhx242 -AMEDIUMCONST=0E00h-0FFFFh -ACOMRAM=01h-05Fh \
  -AABS1=00h-0DDDh -ABIGRAM=01h-0DDDh \
  -ARAM=060h-0FFh,0100h-01FFhx12,0D00h-0DDDh -ABANK0=060h-0FFh \
  -ABANK1=0100h-01FFh -ABANK2=0200h-02FFh -ABANK3=0300h-03FFh \
  -ABANK4=0400h-04FFh -ABANK5=0500h-05FFh -ABANK6=0600h-06FFh \
  -ABANK7=0700h-07FFh -ABANK8=0800h-08FFh -ABANK9=0900h-09FFh \
  -ABANK10=0A00h-0AFFh -ABANK11=0B00h-0BFFh -ABANK12=0C00h-0CFFh \
  -ABANK13=0D00h-0DDDh \
  -ASFR=0DDEh-0DFFh,0E00h-0EFFh,0F00h-0F5Fh,0F60h-0FFFh \
  -preset_vec=00h,intcode=08h,intcodelo,powerup,init,end_init \
  -pramtop=0E00h -psmallconst=SMALLCONST -pmediumconst=MEDIUMCONST \
  -pconst=CONST -AFARRAM=00h-00h -ACONFIG=0300000h-030000Bh -pconfig=CONFIG \
  -AIDLOC=0200000h-020000Fh -pidloc=IDLOC -AEEDATA=0310000h-03103FFh \
  -peeprom_data=EEDATA \
  -prdata=COMRAM,nvrram=COMRAM,nvbit=COMRAM,rbss=COMRAM,rbit=COMRAM \
  -pfarbss=FARRAM,fardata=FARRAM,nvFARRAM=FARRAM \
  -pintsave_regs=BIGRAM,bigbss=BIGRAM,bigdata=BIGRAM -pbss=RAM \
  -pidata=CODE,irdata=CODE,ibigdata=CODE,ifardata=CODE -prparam=COMRAM \
  C:\Users\user\AppData\Local\Temp\sbsc.obj \
  dist/default/production\66k40EndNode.X.production.obj 

Object code version is 3.11

Machine type is 18LF66K40

Call graph: (short form)




                Name                               Link     Load   Length Selector   Space Scale
C:\Users\user\AppData\Local\Temp\sbsc.obj
                stack                               6FE      6FE      6E0      6FE       2
                end_init                             86       86        4        4       0
                init                                 82       82        4        4       0
                reset_vec                             0        0        4        0       0
                idloc                            200000   200000       10   200000       0
                config                           300000   300000        C   300000       0
dist/default/production\66k40EndNode.X.production.obj
                intcode                               8        8       7A        4       0
                temp                                 4A       4A        C        1       1
                mediumconst                        FE6C     FE6C      194     7F36       0
                text214                            62AC     62AC        2        4       0
                text213                            5F48     5F48       1C        4       0
                text212                            6272     6272        6        4       0
                text211                            62AA     62AA        2        4       0
                text210                            5F2C     5F2C       1C        4       0
                text209                            626C     626C        6        4       0
                text208                            62A8     62A8        2        4       0
                text207                            5DAC     5DAC       24        4       0
                text206                            6240     6240        8        4       0
                text205                            5EB4     5EB4       20        4       0
                text204                            389C     389C       D6        4       0
                text203                            40D4     40D4       AE        4       0
                text202                            605A     605A       18        4       0
                text201                            572E     572E       42        4       0
                text200                            52E2     52E2       50        4       0
                text199                            62A6     62A6        2        4       0
                text198                            5F10     5F10       1C        4       0
                text197                            5D88     5D88       24        4       0
                text195                            5624     5624       44        4       0
                text194                            5290     5290       52        4       0
                text193                            5140     5140       58        4       0
                text192                            5C30     5C30       2A        4       0
                text191                            5036     5036       5A        4       0
                text190                            5592     5592       4A        4       0
                text189                            589E     589E       38        4       0
                text188                            5E94     5E94       20        4       0
                text187                            422E     422E       AA        4       0
                text186                            3D4C     3D4C       B8        4       0
                text185                            6042     6042       18        4       0
                text184                            5942     5942       36        4       0
                text183                            4A32     4A32       78        4       0
                text182                            4BFC     4BFC       6A        4       0
                text181                            613C     613C       12        4       0
                text180                            4AAA     4AAA       76        4       0
                text179                            5468     5468       4C        4       0
                text178                            3168     3168      100        4       0
                text177                            6298     6298        4        4       0
                text176                            6294     6294        4        4       0
                text175                            60F2     60F2       14        4       0
                text174                            5C06     5C06       2A        4       0
                text173                            5AFC     5AFC       2E        4       0
                text172                            6290     6290        4        4       0
                text171                            628C     628C        4        4       0
                text170                            612A     612A       12        4       0
                text169                            61F6     61F6        A        4       0
                text168                            5EF2     5EF2       1E        4       0
                text167                            4E5E     4E5E       62        4       0
                text166                            37C4     37C4       D8        4       0
                text165                            6266     6266        6        4       0
                text164                            5D1A     5D1A       26        4       0
                text163                            36EA     36EA       DA        4       0
                text162                            5BDA     5BDA       2C        4       0
                text161                            236A     236A      198        4       0
                text160                            61EC     61EC        A        4       0
                text159                            53CE     53CE       4E        4       0
                text158                            4B92     4B92       6A        4       0
                text157                            27FE     27FE      166        4       0
                text156                            49BA     49BA       78        4       0
                text155                            4182     4182       AC        4       0
                text154                            616C     616C        E        4       0
                text153                            541C     541C       4C        4       0
                text152                            2BFA     2BFA      124        4       0
                text151                            3A3E     3A3E       CA        4       0
                text150                            1766     1766      236        4       0
                text149                            5CF4     5CF4       26        4       0
                text148                            5548     5548       4A        4       0
                text147                            344E     344E       E2        4       0
                text146                            11E8     11E8      2D8        4       0
                text145                            523E     523E       52        4       0
                text144                            57AE     57AE       3E        4       0
                text143                            5380     5380       4E        4       0
                text142                            5DF2     5DF2       22        4       0
                text141                            2E40     2E40      114        4       0
                text140                            4DFC     4DFC       62        4       0
                text139                            4F20     4F20       5E        4       0
                text138                            3972     3972       CC        4       0
                text137                             DB6      DB6      432        4       0
                text136                            1DE0     1DE0      1E8        4       0
                text135                            6238     6238        8        4       0
                text134                            48BE     48BE       82        4       0
                text133                            5BAE     5BAE       2C        4       0
                text132                            61E2     61E2        A        4       0
                text131                            6230     6230        8        4       0
                text130                            6228     6228        8        4       0
                text129                            4940     4940       7A        4       0
                text128                            61D8     61D8        A        4       0
                text127                            61CE     61CE        A        4       0
                text126                            6220     6220        8        4       0
                text125                            56EC     56EC       42        4       0
                text124                            4022     4022       B2        4       0
                text123                            4D98     4D98       64        4       0
                text122                            5F98     5F98       1A        4       0
                text121                            4728     4728       8C        4       0
                text120                            615E     615E        E        4       0
                text119                            5CCE     5CCE       26        4       0
                text118                            21AC     21AC      1BE        4       0
                text117                            602A     602A       18        4       0
                text116                            6260     6260        6        4       0
                text115                            614E     614E       10        4       0
                text114                            61C4     61C4        A        4       0
                text113                            62A4     62A4        2        4       0
                text112                            4EC0     4EC0       60        4       0
                text111                            625A     625A        6        4       0
                text110                            60B4     60B4       16        4       0
                text109                            59E0     59E0       34        4       0
                text108                             8EA      8EA      4CC        4       0
                text107                            3364     3364       EA        4       0
                text106                            54FE     54FE       4A        4       0
                text105                            50E8     50E8       58        4       0
                text104                            4FDA     4FDA       5C        4       0
                text103                            4C66     4C66       68        4       0
                text102                            5770     5770       3E        4       0
                text101                            483A     483A       84        4       0
                text100                            4380     4380       A4        4       0
                text99                             2D1E     2D1E      122        4       0
                text98                             47B4     47B4       86        4       0
                text97                             6254     6254        6        4       0
                text96                             1FC8     1FC8      1E4        4       0
                text95                             14C0     14C0      2A6        4       0
                text94                             5828     5828       3C        4       0
                text93                             3F70     3F70       B2        4       0
                text92                             61BA     61BA        A        4       0
                text91                             5332     5332       4E        4       0
                text90                             3B08     3B08       C8        4       0
                text89                             5090     5090       58        4       0
                text88                             609E     609E       16        4       0
                text87                             6218     6218        8        4       0
                text86                             6210     6210        8        4       0
                text85                             5ACE     5ACE       2E        4       0
                text84                             6012     6012       18        4       0
                text83                             60DE     60DE       14        4       0
                text82                             5DD0     5DD0       22        4       0
                text81                             2ABA     2ABA      140        4       0
                text80                             5B82     5B82       2C        4       0
                text79                             5ED4     5ED4       1E        4       0
                text78                             5AA0     5AA0       2E        4       0
                text77                             42D8     42D8       A8        4       0
                text76                             5B56     5B56       2C        4       0
                text75                             5CA8     5CA8       26        4       0
                text74                             59AC     59AC       34        4       0
                text73                             4F7E     4F7E       5C        4       0
                text72                             268A     268A      174        4       0
                text71                             6088     6088       16        4       0
                text70                             60CA     60CA       14        4       0
                text69                             3062     3062      106        4       0
                text68                             5C82     5C82       26        4       0
                text67                             590C     590C       36        4       0
                text66                             5D64     5D64       24        4       0
                text65                             2502     2502      188        4       0
                text64                             624E     624E        6        4       0
                text63                             5D40     5D40       24        4       0
                text62                             4CCE     4CCE       66        4       0
                text61                             360E     360E       DC        4       0
                text60                             2964     2964      156        4       0
                text59                             5F7E     5F7E       1A        4       0
                text58                             5198     5198       54        4       0
                text57                               8A       8A      860        4       0
                text56                             199C     199C      22C        4       0
                text55                             4566     4566       9E        4       0
                text54                             51EC     51EC       52        4       0
                text53                             3EBA     3EBA       B6        4       0
                text52                             44C6     44C6       A0        4       0
                text51                             5E74     5E74       20        4       0
                text50                             4D34     4D34       64        4       0
                text49                             5A72     5A72       2E        4       0
                text48                             5B2A     5B2A       2C        4       0
                text47                             5864     5864       3A        4       0
                text46                             55DC     55DC       48        4       0
                text45                             5FFA     5FFA       18        4       0
                text44                             5FE2     5FE2       18        4       0
                text43                             5FCA     5FCA       18        4       0
                text42                             6118     6118       12        4       0
                text41                             4B20     4B20       72        4       0
                text40                             5978     5978       34        4       0
                text39                             58D6     58D6       36        4       0
                text38                             3E04     3E04       B6        4       0
                text37                             4424     4424       A2        4       0
                text36                             2F54     2F54      10E        4       0
                text35                             3268     3268       FC        4       0
                text34                             5F64     5F64       1A        4       0
                text33                             3BD0     3BD0       C0        4       0
                text32                             1BC8     1BC8      218        4       0
                text31                             469A     469A       8E        4       0
                text30                             57EC     57EC       3C        4       0
                text29                             5A44     5A44       2E        4       0
                text28                             5FB2     5FB2       18        4       0
                text27                             5C5A     5C5A       28        4       0
                text26                             6072     6072       16        4       0
                text25                             62A2     62A2        2        4       0
                text24                             61B0     61B0        A        4       0
                text23                             61A6     61A6        A        4       0
                text22                             62A0     62A0        2        4       0
                text21                             54B4     54B4       4A        4       0
                text20                             6288     6288        4        4       0
                text19                             6284     6284        4        4       0
                text18                             6280     6280        4        4       0
                text17                             6208     6208        8        4       0
                text16                             629E     629E        2        4       0
                text15                             629C     629C        2        4       0
                text14                             627C     627C        4        4       0
                text13                             6248     6248        6        4       0
                text12                             619C     619C        A        4       0
                text11                             6186     6186        C        4       0
                text10                             5E54     5E54       20        4       0
                text9                              6106     6106       12        4       0
                text8                              6192     6192        A        4       0
                text7                              3530     3530       DE        4       0
                text6                              617A     617A        C        4       0
                text5                              6278     6278        4        4       0
                text4                              56AA     56AA       42        4       0
                text3                              5E34     5E34       20        4       0
                text2                              5668     5668       42        4       0
                text1                              5E14     5E14       20        4       0
                text0                              3C90     3C90       BC        4       0
                cstackCOMRAM                          1        1       2F        1       1
                cstackBANK0                          60       60       98       60       1
                cstackBANK1                         100      100       6E      100       1
                cstackBANK3                         3A0      3A0       14      300       1
                bssBIGRAM                           4E0      4E0      21E      4E0       1
                bssBANK4                            400      400       E0      400       1
                bssBANK3                            300      300       A0      300       1
                bssBANK2                            200      200       F5      200       1
                dataBANK1                           1BD      1BD       30      100       1
                bssBANK1                            16E      16E       4F      100       1
                dataCOMRAM                           56       56        8        1       1
                bssCOMRAM                            30       30       1A        1       1
                cinit                              4604     4604       96        4       0
                nvBANK1                             1ED      1ED        8      100       1
                nvCOMRAM                             5E       5E        2        1       1
                idataBANK1                         5A14     5A14       30        4       0
                idataCOMRAM                        6200     6200        8        4       0

TOTAL           Name                               Link     Load   Length     Space
        CLASS   STACK          
                stack                               6FE      6FE      6E0         2

        CLASS   CODE           
                end_init                             86       86        4         0
                init                                 82       82        4         0
                intcode                               8        8       7A         0
                reset_vec                             0        0        4         0
                text214                            62AC     62AC        2         0
                text213                            5F48     5F48       1C         0
                text212                            6272     6272        6         0
                text211                            62AA     62AA        2         0
                text210                            5F2C     5F2C       1C         0
                text209                            626C     626C        6         0
                text208                            62A8     62A8        2         0
                text207                            5DAC     5DAC       24         0
                text206                            6240     6240        8         0
                text205                            5EB4     5EB4       20         0
                text204                            389C     389C       D6         0
                text203                            40D4     40D4       AE         0
                text202                            605A     605A       18         0
                text201                            572E     572E       42         0
                text200                            52E2     52E2       50         0
                text199                            62A6     62A6        2         0
                text198                            5F10     5F10       1C         0
                text197                            5D88     5D88       24         0
                text195                            5624     5624       44         0
                text194                            5290     5290       52         0
                text193                            5140     5140       58         0
                text192                            5C30     5C30       2A         0
                text191                            5036     5036       5A         0
                text190                            5592     5592       4A         0
                text189                            589E     589E       38         0
                text188                            5E94     5E94       20         0
                text187                            422E     422E       AA         0
                text186                            3D4C     3D4C       B8         0
                text185                            6042     6042       18         0
                text184                            5942     5942       36         0
                text183                            4A32     4A32       78         0
                text182                            4BFC     4BFC       6A         0
                text181                            613C     613C       12         0
                text180                            4AAA     4AAA       76         0
                text179                            5468     5468       4C         0
                text178                            3168     3168      100         0
                text177                            6298     6298        4         0
                text176                            6294     6294        4         0
                text175                            60F2     60F2       14         0
                text174                            5C06     5C06       2A         0
                text173                            5AFC     5AFC       2E         0
                text172                            6290     6290        4         0
                text171                            628C     628C        4         0
                text170                            612A     612A       12         0
                text169                            61F6     61F6        A         0
                text168                            5EF2     5EF2       1E         0
                text167                            4E5E     4E5E       62         0
                text166                            37C4     37C4       D8         0
                text165                            6266     6266        6         0
                text164                            5D1A     5D1A       26         0
                text163                            36EA     36EA       DA         0
                text162                            5BDA     5BDA       2C         0
                text161                            236A     236A      198         0
                text160                            61EC     61EC        A         0
                text159                            53CE     53CE       4E         0
                text158                            4B92     4B92       6A         0
                text157                            27FE     27FE      166         0
                text156                            49BA     49BA       78         0
                text155                            4182     4182       AC         0
                text154                            616C     616C        E         0
                text153                            541C     541C       4C         0
                text152                            2BFA     2BFA      124         0
                text151                            3A3E     3A3E       CA         0
                text150                            1766     1766      236         0
                text149                            5CF4     5CF4       26         0
                text148                            5548     5548       4A         0
                text147                            344E     344E       E2         0
                text146                            11E8     11E8      2D8         0
                text145                            523E     523E       52         0
                text144                            57AE     57AE       3E         0
                text143                            5380     5380       4E         0
                text142                            5DF2     5DF2       22         0
                text141                            2E40     2E40      114         0
                text140                            4DFC     4DFC       62         0
                text139                            4F20     4F20       5E         0
                text138                            3972     3972       CC         0
                text137                             DB6      DB6      432         0
                text136                            1DE0     1DE0      1E8         0
                text135                            6238     6238        8         0
                text134                            48BE     48BE       82         0
                text133                            5BAE     5BAE       2C         0
                text132                            61E2     61E2        A         0
                text131                            6230     6230        8         0
                text130                            6228     6228        8         0
                text129                            4940     4940       7A         0
                text128                            61D8     61D8        A         0
                text127                            61CE     61CE        A         0
                text126                            6220     6220        8         0
                text125                            56EC     56EC       42         0
                text124                            4022     4022       B2         0
                text123                            4D98     4D98       64         0
                text122                            5F98     5F98       1A         0
                text121                            4728     4728       8C         0
                text120                            615E     615E        E         0
                text119                            5CCE     5CCE       26         0
                text118                            21AC     21AC      1BE         0
                text117                            602A     602A       18         0
                text116                            6260     6260        6         0
                text115                            614E     614E       10         0
                text114                            61C4     61C4        A         0
                text113                            62A4     62A4        2         0
                text112                            4EC0     4EC0       60         0
                text111                            625A     625A        6         0
                text110                            60B4     60B4       16         0
                text109                            59E0     59E0       34         0
                text108                             8EA      8EA      4CC         0
                text107                            3364     3364       EA         0
                text106                            54FE     54FE       4A         0
                text105                            50E8     50E8       58         0
                text104                            4FDA     4FDA       5C         0
                text103                            4C66     4C66       68         0
                text102                            5770     5770       3E         0
                text101                            483A     483A       84         0
                text100                            4380     4380       A4         0
                text99                             2D1E     2D1E      122         0
                text98                             47B4     47B4       86         0
                text97                             6254     6254        6         0
                text96                             1FC8     1FC8      1E4         0
                text95                             14C0     14C0      2A6         0
                text94                             5828     5828       3C         0
                text93                             3F70     3F70       B2         0
                text92                             61BA     61BA        A         0
                text91                             5332     5332       4E         0
                text90                             3B08     3B08       C8         0
                text89                             5090     5090       58         0
                text88                             609E     609E       16         0
                text87                             6218     6218        8         0
                text86                             6210     6210        8         0
                text85                             5ACE     5ACE       2E         0
                text84                             6012     6012       18         0
                text83                             60DE     60DE       14         0
                text82                             5DD0     5DD0       22         0
                text81                             2ABA     2ABA      140         0
                text80                             5B82     5B82       2C         0
                text79                             5ED4     5ED4       1E         0
                text78                             5AA0     5AA0       2E         0
                text77                             42D8     42D8       A8         0
                text76                             5B56     5B56       2C         0
                text75                             5CA8     5CA8       26         0
                text74                             59AC     59AC       34         0
                text73                             4F7E     4F7E       5C         0
                text72                             268A     268A      174         0
                text71                             6088     6088       16         0
                text70                             60CA     60CA       14         0
                text69                             3062     3062      106         0
                text68                             5C82     5C82       26         0
                text67                             590C     590C       36         0
                text66                             5D64     5D64       24         0
                text65                             2502     2502      188         0
                text64                             624E     624E        6         0
                text63                             5D40     5D40       24         0
                text62                             4CCE     4CCE       66         0
                text61                             360E     360E       DC         0
                text60                             2964     2964      156         0
                text59                             5F7E     5F7E       1A         0
                text58                             5198     5198       54         0
                text57                               8A       8A      860         0
                text56                             199C     199C      22C         0
                text55                             4566     4566       9E         0
                text54                             51EC     51EC       52         0
                text53                             3EBA     3EBA       B6         0
                text52                             44C6     44C6       A0         0
                text51                             5E74     5E74       20         0
                text50                             4D34     4D34       64         0
                text49                             5A72     5A72       2E         0
                text48                             5B2A     5B2A       2C         0
                text47                             5864     5864       3A         0
                text46                             55DC     55DC       48         0
                text45                             5FFA     5FFA       18         0
                text44                             5FE2     5FE2       18         0
                text43                             5FCA     5FCA       18         0
                text42                             6118     6118       12         0
                text41                             4B20     4B20       72         0
                text40                             5978     5978       34         0
                text39                             58D6     58D6       36         0
                text38                             3E04     3E04       B6         0
                text37                             4424     4424       A2         0
                text36                             2F54     2F54      10E         0
                text35                             3268     3268       FC         0
                text34                             5F64     5F64       1A         0
                text33                             3BD0     3BD0       C0         0
                text32                             1BC8     1BC8      218         0
                text31                             469A     469A       8E         0
                text30                             57EC     57EC       3C         0
                text29                             5A44     5A44       2E         0
                text28                             5FB2     5FB2       18         0
                text27                             5C5A     5C5A       28         0
                text26                             6072     6072       16         0
                text25                             62A2     62A2        2         0
                text24                             61B0     61B0        A         0
                text23                             61A6     61A6        A         0
                text22                             62A0     62A0        2         0
                text21                             54B4     54B4       4A         0
                text20                             6288     6288        4         0
                text19                             6284     6284        4         0
                text18                             6280     6280        4         0
                text17                             6208     6208        8         0
                text16                             629E     629E        2         0
                text15                             629C     629C        2         0
                text14                             627C     627C        4         0
                text13                             6248     6248        6         0
                text12                             619C     619C        A         0
                text11                             6186     6186        C         0
                text10                             5E54     5E54       20         0
                text9                              6106     6106       12         0
                text8                              6192     6192        A         0
                text7                              3530     3530       DE         0
                text6                              617A     617A        C         0
                text5                              6278     6278        4         0
                text4                              56AA     56AA       42         0
                text3                              5E34     5E34       20         0
                text2                              5668     5668       42         0
                text1                              5E14     5E14       20         0
                text0                              3C90     3C90       BC         0
                cinit                              4604     4604       96         0
                idataBANK1                         5A14     5A14       30         0
                idataCOMRAM                        6200     6200        8         0

        CLASS   CONST          

        CLASS   SMALLCONST     

        CLASS   MEDIUMCONST    
                mediumconst                        FE6C     FE6C      194         0

        CLASS   COMRAM         
                temp                                 4A       4A        C         1
                cstackCOMRAM                          1        1       2F         1
                dataCOMRAM                           56       56        8         1
                bssCOMRAM                            30       30       1A         1
                nvCOMRAM                             5E       5E        2         1

        CLASS   ABS1           

        CLASS   BIGRAM         
                bssBIGRAM                           4E0      4E0      21E         1

        CLASS   RAM            

        CLASS   BANK0          
                cstackBANK0                          60       60       98         1

        CLASS   BANK1          
                cstackBANK1                         100      100       6E         1
                dataBANK1                           1BD      1BD       30         1
                bssBANK1                            16E      16E       4F         1
                nvBANK1                             1ED      1ED        8         1

        CLASS   BANK2          
                bssBANK2                            200      200       F5         1

        CLASS   BANK3          
                cstackBANK3                         3A0      3A0       14         1
                bssBANK3                            300      300       A0         1

        CLASS   BANK4          
                bssBANK4                            400      400       E0         1

        CLASS   BANK5          

        CLASS   BANK6          

        CLASS   BANK7          

        CLASS   BANK8          

        CLASS   BANK9          

        CLASS   BANK10         

        CLASS   BANK11         

        CLASS   BANK12         

        CLASS   BANK13         

        CLASS   SFR            

        CLASS   FARRAM         

        CLASS   CONFIG         
                config                           300000   300000        C         0

        CLASS   IDLOC          
                idloc                            200000   200000       10         0

        CLASS   EEDATA         



SEGMENTS        Name                           Load    Length   Top    Selector   Space  Class

                reset_vec                      000000  000004  000004         0       0  CODE    
                cstackCOMRAM                   000001  00005F  000060         1       1  COMRAM  
                intcode                        000008  0062A6  0062AE         4       0  CODE    
                cstackBANK0                    000060  000098  0000F8        60       1  BANK0   
                cstackBANK1                    000100  0000F5  0001F5       100       1  BANK1   
                bssBANK2                       000200  0000F5  0002F5       200       1  BANK2   
                bssBANK3                       000300  0000B4  0003B4       300       1  BANK3   
                bssBANK4                       000400  0000E0  0004E0       400       1  BANK4   
                bssBIGRAM                      0004E0  00021E  0006FE       4E0       1  BIGRAM  
                stack                          0006FE  0006E0  000DDE       6FE       2  STACK   
                mediumconst                    00FE6C  000194  010000      7F36       0  MEDIUMCO
                idloc                          200000  000010  200010    200000       0  IDLOC   
                config                         300000  00000C  30000C    300000       0  CONFIG  


UNUSED ADDRESS RANGES

        Name                Unused          Largest block    Delta
        BANK0            0000F8-0000FF                8
        BANK1            0001F5-0001FF                B
        BANK10           000A00-000AFF              100
        BANK11           000B00-000BFF              100
        BANK12           000C00-000CFF              100
        BANK13           000D00-000DDD               DE
        BANK2            0002F5-0002FF                B
        BANK3            0003B4-0003FF               4C
        BANK6            0006FE-0006FF                2
        BANK7            000700-0007FF              100
        BANK8            000800-0008FF              100
        BANK9            000900-0009FF              100
        BIGRAM           0000F8-0000FF                8
                         0001F5-0001FF                B
                         0002F5-0002FF                B
                         0003B4-0003FF               4C
                         0006FE-000DDD              6E0
        CODE             000004-000007                4
                         0062AE-00FE6B             9BBE
        CONST            000004-000007                4
                         0062AE-00FE6B             9BBE
        EEDATA           310000-3103FF              400
        MEDIUMCONST      0062AE-00FE6B             9BBE
        RAM              0000F8-0000FF                8
                         0001F5-0001FF                B
                         0002F5-0002FF                B
                         0003B4-0003FF               4C
                         0006FE-000DDD              100
        SFR              000DDE-000FFF              100
        SMALLCONST       0062AE-00FE6B              100

                                  Symbol Table

?_ComputeMic                                              cstackBANK0  0000DA
?_ExecuteDevStatus                                        cstackBANK0  000064
?_ExecuteDutyCycle                                        cstackBANK0  000064
?_ExecuteLinkAdr                                          cstackBANK0  000071
?_ExecuteLinkCheck                                        cstackBANK0  000064
?_ExecuteNewChannel                                       cstackBANK0  0000A0
?_ExecuteRxParamSetupReq                                  cstackBANK0  0000A0
?_ExecuteRxTimingSetup                                    cstackBANK0  00006B
?_ExtractMic                                              cstackBANK0  00006E
?_GetRx1Freq                                              cstackBANK0  000064
?_MacExecuteCommands                                      cstackBANK0  0000A8
?_RADIO_ReadRandom                                        cstackBANK0  000070
?_RADIO_ReceiveStart                                      cstackBANK0  0000AA
?_RADIO_Transmit                                          cstackBANK0  0000AA
?_Random                                                  cstackBANK0  0000A7
?_SwTimerReadValue                                        cstackBANK0  00008B
?_SwTimersInterrupt                                       cstackBANK0  00007A
?_TMR1_ReadTimer                                          cstackBANK0  000064
?_TMR_GetDeltaTime                                        cstackBANK0  00006A
?_TMR_SwapTimer                                           cstackBANK0  00006A
?___lldiv                                                 cstackBANK0  000064
?___llmod                                                 cstackBANK0  000064
?___lmul                                                  cstackBANK0  000094
?___lwmod                                                 cstackBANK0  0000A2
?___wmul                                                  cstackBANK0  000064
?_rand                                                    cstackBANK0  0000A0
?i2_SwTimersInterrupt                                     cstackCOMRAM 000017
?i2_TMR1_ReadTimer                                        cstackCOMRAM 000001
?i2_TMR_GetDeltaTime                                      cstackCOMRAM 000007
?i2_TMR_SwapTimer                                         cstackCOMRAM 000007
AESCmac@flag                                              cstackBANK1  000162
AESCmac@i                                                 cstackBANK1  000165
AESCmac@input                                             cstackBANK0  0000D0
AESCmac@j                                                 cstackBANK1  000164
AESCmac@k1                                                cstackBANK1  000110
AESCmac@k2                                                cstackBANK1  000100
AESCmac@key                                               cstackBANK0  0000CC
AESCmac@mLast                                             cstackBANK1  000120
AESCmac@n                                                 cstackBANK1  000163
AESCmac@output                                            cstackBANK0  0000CE
AESCmac@padded                                            cstackBANK1  000130
AESCmac@ptr                                               cstackBANK1  000160
AESCmac@size                                              cstackBANK0  0000D2
AESCmac@x                                                 cstackBANK1  000150
AESCmac@y                                                 cstackBANK1  000140
AESEncode@aux                                             cstackBANK0  00008B
AESEncode@aux1                                            cstackBANK0  00008D
AESEncode@aux2                                            cstackBANK0  00008C
AESEncode@aux3                                            cstackBANK0  00008E
AESEncode@block                                           cstackBANK0  00006A
AESEncode@i                                               cstackBANK0  00008F
AESEncode@key                                             cstackBANK0  000075
AESEncode@masterKey                                       cstackBANK0  00006C
AESEncodeLoRa@block                                       cstackBANK0  000090
AESEncodeLoRa@key                                         cstackBANK0  000092
AESEncodeLoRa@useKey                                      cstackBANK0  000094
AssembleEncryptionBlock@blockId                           cstackBANK0  000072
AssembleEncryptionBlock@bufferIndex                       cstackBANK0  000076
AssembleEncryptionBlock@dir                               cstackBANK0  000075
AssembleEncryptionBlock@firstByte                         cstackBANK0  000073
AssembleEncryptionBlock@frameCounter                      cstackBANK0  00006E
AssembleEncryptionBlock@multicastStatus                   cstackBANK0  000074
AssemblePacket@buffer                                     cstackBANK1  000167
AssemblePacket@bufferIndex                                cstackBANK0  0000E0
AssemblePacket@bufferLength                               cstackBANK1  000169
AssemblePacket@confirmed                                  cstackBANK0  0000DC
AssemblePacket@fCtrl                                      cstackBANK0  0000DE
AssemblePacket@macCmdIdx                                  cstackBANK0  0000DF
AssemblePacket@mhdr                                       cstackBANK0  0000DD
AssemblePacket@port                                       cstackBANK1  000166
CheckFlags@hdr                                            cstackBANK0  000064
CheckMcastFlags@hdr                                       cstackBANK0  000064
ComputeMic@buffer                                         cstackBANK0  0000DC
ComputeMic@bufferLength                                   cstackBANK0  0000DE
ComputeMic@key                                            cstackBANK0  0000DA
ComputeMic@mic                                            cstackBANK0  0000DF
ComputeSessionKeys@joinAcceptBuffer                       cstackBANK0  0000A4
ConfigureRadio@dataRate                                   cstackBANK0  000075
ConfigureRadio@freq                                       cstackBANK0  000071
ConfigureRadioRx@dataRate                                 cstackBANK0  00007A
ConfigureRadioRx@freq                                     cstackBANK0  000076
ConfigureRadioTx@dataRate                                 cstackBANK0  00007A
ConfigureRadioTx@freq                                     cstackBANK0  000076
ConfigureRadioTx@txPower                                  cstackBANK0  00007B
CountfOptsLength@i                                        cstackBANK0  00006B
CountfOptsLength@macCommandLength                         cstackBANK0  00006A
EnableChannels1@channelIndexMax                           cstackBANK0  00006C
EnableChannels1@channelIndexMin                           cstackBANK0  00006B
EnableChannels1@channelMask                               cstackBANK0  000068
EnableChannels1@channelMaskCntl                           cstackBANK0  00006A
EnableChannels1@i                                         cstackBANK0  00006D
EnableChannels@channelMask                                cstackBANK0  00006E
EnableChannels@channelMaskCntl                            cstackBANK0  000070
EncKeySchedule@key                                        cstackBANK0  000064
EncodeShiftRow@stateTable                                 cstackBANK0  000064
EncodeShiftRow@temp                                       cstackBANK0  000066
EncryptFRMPayload@buffer                                  cstackBANK0  0000A4
EncryptFRMPayload@bufferLength                            cstackBANK0  0000A6
EncryptFRMPayload@bufferToBeEncrypted                     cstackBANK0  0000AF
EncryptFRMPayload@dir                                     cstackBANK0  0000A7
EncryptFRMPayload@frameCounter                            cstackBANK0  0000A8
EncryptFRMPayload@i                                       cstackBANK0  0000B8
EncryptFRMPayload@j                                       cstackBANK0  0000B9
EncryptFRMPayload@k                                       cstackBANK0  0000B7
EncryptFRMPayload@key                                     cstackBANK0  0000AC
EncryptFRMPayload@macBufferIndex                          cstackBANK0  0000AE
EncryptFRMPayload@multicastStatus                         cstackBANK0  0000B1
ExecuteDevStatus@ptr                                      cstackBANK0  000064
ExecuteDutyCycle@maxDCycle                                cstackBANK0  000069
ExecuteDutyCycle@ptr                                      cstackBANK0  000064
ExecuteLinkAdr@channelMask                                cstackBANK0  000074
ExecuteLinkAdr@dataRate                                   cstackBANK0  000079
ExecuteLinkAdr@ptr                                        cstackBANK0  000071
ExecuteLinkAdr@redundancy                                 cstackBANK0  000077
ExecuteLinkAdr@txPower                                    cstackBANK0  000076
ExecuteLinkCheck@ptr                                      cstackBANK0  000064
ExecuteNewChannel@channelIndex                            cstackBANK0  0000A7
ExecuteNewChannel@drRange                                 cstackBANK0  0000A2
ExecuteNewChannel@frequency                               cstackBANK0  0000A3
ExecuteNewChannel@ptr                                     cstackBANK0  0000A0
ExecuteRxParamSetupReq@dlSettings                         cstackBANK0  0000A6
ExecuteRxParamSetupReq@frequency                          cstackBANK0  0000A2
ExecuteRxParamSetupReq@ptr                                cstackBANK0  0000A0
ExecuteRxTimingSetup@delay                                cstackBANK0  00006D
ExecuteRxTimingSetup@ptr                                  cstackBANK0  00006B
ExtractMic@buffer                                         cstackBANK0  00006E
ExtractMic@bufferLength                                   cstackBANK0  000070
ExtractMic@mic                                            cstackBANK0  000074
FillSubKey@carry                                          cstackBANK0  00006A
FillSubKey@i                                              cstackBANK0  00006B
FillSubKey@key                                            cstackBANK0  000066
FillSubKey@size                                           cstackBANK0  000068
FillSubKey@source                                         cstackBANK0  000064
FindSmallestDataRate@dataRate                             cstackBANK0  000067
FindSmallestDataRate@found                                cstackBANK0  000065
FindSmallestDataRate@i                                    cstackBANK0  000066
GenerateSubkey@F17044                                     dataBANK1    0001BD
GenerateSubkey@const_Rb                                   cstackBANK0  0000AB
GenerateSubkey@i                                          cstackBANK0  0000CB
GenerateSubkey@k1                                         cstackBANK0  0000A6
GenerateSubkey@k2                                         cstackBANK0  0000A8
GenerateSubkey@key                                        cstackBANK0  0000A4
GenerateSubkey@l                                          cstackBANK0  0000BB
HALResetPinOutputValue@value                              cstackBANK0  000064
HALSPISend@data                                           cstackBANK0  000065
INT0_SetInterruptHandler@InterruptHandler                 cstackBANK0  000064
INT1_SetInterruptHandler@InterruptHandler                 cstackBANK0  000064
INT2_SetInterruptHandler@InterruptHandler                 cstackBANK0  000064
INT3_SetInterruptHandler@InterruptHandler                 cstackBANK0  000064
INTERRUPT_GetDioStatus@a                                  cstackBANK0  000064
IOCBF4_SetInterruptHandler@InterruptHandler               cstackBANK0  000064
IncludeMacCommandsResponse@bIncludeInFopts                cstackBANK0  000067
IncludeMacCommandsResponse@bufferIndex                    cstackBANK0  00006F
IncludeMacCommandsResponse@i                              cstackBANK0  00006E
IncludeMacCommandsResponse@macBuffer                      cstackBANK0  000064
IncludeMacCommandsResponse@pBufferIndex                   cstackBANK0  000066
InitDefault433Channels@i                                  cstackBANK0  00006E
InitDefault868Channels@i                                  cstackBANK0  00006E
LORAWAN_GetMaxPayloadSize@macCommandsLength               cstackBANK0  00006D
LORAWAN_GetMaxPayloadSize@result                          cstackBANK0  00006E
LORAWAN_Init@RxJoinResponse                               cstackBANK0  0000AE
LORAWAN_Init@RxPayload                                    cstackBANK0  0000AC
LORAWAN_Join@activationTypeNew                            cstackBANK0  0000EE
LORAWAN_Join@bufferIndex                                  cstackBANK0  0000EC
LORAWAN_Join@result                                       cstackBANK0  0000ED
LORAWAN_LinkCheckConfigure@iCtr                           cstackBANK0  0000AA
LORAWAN_LinkCheckConfigure@period                         cstackBANK0  0000A0
LORAWAN_Reset@ismBandNew                                  cstackBANK0  0000AB
LORAWAN_RxDone@buffer                                     cstackBANK1  00016B
LORAWAN_RxDone@bufferIndex                                cstackBANK3  0003A7
LORAWAN_RxDone@bufferLength                               cstackBANK1  00016D
LORAWAN_RxDone@channelIndex                               cstackBANK3  0003A1
LORAWAN_RxDone@computedMic                                cstackBANK3  0003AB
LORAWAN_RxDone@extractedMic                               cstackBANK3  0003A3
LORAWAN_RxDone@fPort                                      cstackBANK3  0003A0
LORAWAN_RxDone@frmPayloadLength                           cstackBANK3  0003B1
LORAWAN_RxDone@hdr                                        cstackBANK3  0003B2
LORAWAN_RxDone@joinAccept                                 cstackBANK3  0003AF
LORAWAN_RxDone@mhdr                                       cstackBANK3  0003A2
LORAWAN_RxDone@packet                                     cstackBANK3  0003A9
LORAWAN_RxDone@temp                                       cstackBANK3  0003A8
LORAWAN_RxTimeout@i                                       cstackBANK0  0000C3
LORAWAN_RxTimeout@minim                                   cstackBANK0  0000BF
LORAWAN_Send@buffer                                       cstackBANK0  0000E2
LORAWAN_Send@bufferLength                                 cstackBANK0  0000E4
LORAWAN_Send@confirmed                                    cstackBANK0  0000E7
LORAWAN_Send@port                                         cstackBANK0  0000E1
LORAWAN_Send@result                                       cstackBANK0  0000E6
LORAWAN_SetApplicationSessionKey@applicationSessionKeyNew cstackBANK0  00006E
LORAWAN_SetChannelIdStatus@channelId                      cstackBANK0  00006A
LORAWAN_SetChannelIdStatus@statusNew                      cstackBANK0  000068
LORAWAN_SetDeviceAddress@deviceAddressNew                 cstackBANK0  000064
LORAWAN_SetNetworkSessionKey@networkSessionKeyNew         cstackBANK0  00006E
LORAWAN_TxDone@delta                                      cstackBANK0  0000C7
LORAWAN_TxDone@found                                      cstackBANK0  0000C6
LORAWAN_TxDone@i                                          cstackBANK0  0000D7
LORAWAN_TxDone@minim                                      cstackBANK0  0000D3
LORAWAN_TxDone@ticks                                      cstackBANK0  0000CF
LORAWAN_TxDone@timeOnAir                                  cstackBANK0  0000B4
MacExecuteCommands@buffer                                 cstackBANK0  0000A8
MacExecuteCommands@done                                   cstackBANK0  0000AD
MacExecuteCommands@fOptsLen                               cstackBANK0  0000AA
MacExecuteCommands@ptr                                    cstackBANK0  0000AE
PIN_MANAGER_Initialize@state                              cstackBANK0  000066
PL10                                                      text186      003DF4
PL100                                                     text150      001918
PL102                                                     text57       000762
PL104                                                     text108      000D9E
PL106                                                     text57       000784
PL108                                                     text57       000798
PL110                                                     text150      001926
PL112                                                     text32       001D84
PL114                                                     text32       001D90
PL116                                                     text150      00193A
PL118                                                     text99       002DE6
PL12                                                      text77       00436E
PL120                                                     text32       001D9C
PL122                                                     text136      001F80
PL124                                                     text187      0042AA
PL126                                                     text204      003914
PL128                                                     text137      00117E
PL130                                                     text100      0043E0
PL132                                                     text118      00233C
PL134                                                     text105      005132
PL136                                                     text204      003932
PL138                                                     text108      000DAE
PL14                                                      text96       00217C
PL140                                                     text32       001DBA
PL142                                                     text100      0043EA
PL144                                                     text57       0007AC
PL146                                                     text57       0007B8
PL148                                                     text103      004CA8
PL150                                                     text38       003EA8
PL152                                                     text37       0044AC
PL154                                                     text146      00141C
PL156                                                     text150      00195A
PL158                                                     text162      005BF6
PL16                                                      text96       00218A
PL160                                                     text145      005288
PL162                                                     text57       0007D2
PL164                                                     text106      005538
PL166                                                     text57       0007E2
PL168                                                     text57       0007EA
PL170                                                     text57       0007F2
PL172                                                     text157      002918
PL174                                                     text94       005858
PL176                                                     text147      003506
PL178                                                     text95       00170C
PL18                                                      text90       003B90
PL180                                                     text141      002F1C
PL182                                                     text190      0055D2
PL184                                                     text90       003B9E
PL186                                                     text57       00080A
PL188                                                     text191      005072
PL190                                                     text141      002F26
PL192                                                     text112      004F0A
PL194                                                     text41       004B6E
PL196                                                     text118      00234E
PL198                                                     text57       000820
PL2                                                       text81       002BD6
PL20                                                      text152      002CC4
PL200                                                     text100      0043F6
PL202                                                     text104      005020
PL204                                                     text57       00082E
PL206                                                     text147      00351C
PL208                                                     text204      00394E
PL210                                                     text72       0027C8
PL212                                                     text57       00083C
PL214                                                     text100      004404
PL216                                                     text57       000850
PL218                                                     text95       001718
PL22                                                      text108      000D26
PL220                                                     text146      001436
PL222                                                     text95       00172C
PL224                                                     text161      0024F0
PL226                                                     text57       000864
PL228                                                     text146      001440
PL230                                                     text32       001DC4
PL232                                                     text99       002E06
PL234                                                     text95       00173E
PL236                                                     text62       004D24
PL238                                                     text107      00341E
PL24                                                      text57       0006EA
PL240                                                     text36       003056
PL242                                                     text163      0037B2
PL244                                                     text150      001964
PL246                                                     text150      001970
PL248                                                     text166      003890
PL250                                                     text95       00174A
PL252                                                     text103      004CC2
PL254                                                     text56       001BAC
PL256                                                     text57       00086C
PL258                                                     text187      0042C8
PL26                                                      text152      002CEC
PL260                                                     text150      00197C
PL262                                                     text99       002E18
PL264                                                     text57       000876
PL266                                                     text100      00440E
PL268                                                     text107      00342A
PL270                                                     text141      002F3C
PL272                                                     text123      004DEC
PL274                                                     text55       0045E8
PL276                                                     text33       003C88
PL278                                                     text57       000880
PL28                                                      text57       0006FA
PL280                                                     text146      001450
PL282                                                     text141      002F44
PL284                                                     text204      003962
PL286                                                     text81       002BE6
PL288                                                     text41       004B7A
PL290                                                     text57       00088C
PL292                                                     text201      005762
PL294                                                     text57       000894
PL296                                                     text99       002E28
PL298                                                     text90       003BA8
PL30                                                      text60       002A78
PL300                                                     text80       005BA0
PL302                                                     text29       005A6A
PL304                                                     text55       0045F6
PL306                                                     text100      004416
PL308                                                     text72       0027DC
PL310                                                     text41       004B84
PL312                                                     text146      001458
PL314                                                     text155      004214
PL316                                                     text150      00198C
PL318                                                     text146      001460
PL32                                                      text118      002332
PL320                                                     text107      003434
PL322                                                     text90       003BB4
PL324                                                     text32       001DD6
PL326                                                     text146      00146E
PL328                                                     text57       0008A2
PL330                                                     text72       0027EA
PL332                                                     text81       002BF0
PL334                                                     text57       0008AC
PL336                                                     text90       003BBE
PL338                                                     text72       0027F4
PL34                                                      text57       00070A
PL340                                                     text136      001F94
PL342                                                     text137      001190
PL344                                                     text146      001478
PL346                                                     text146      001482
PL348                                                     text146      00148E
PL350                                                     text107      003442
PL352                                                     text155      004222
PL354                                                     text136      001FA0
PL356                                                     text57       0008B6
PL358                                                     text137      00119C
PL36                                                      text31       004708
PL360                                                     text7        003602
PL362                                                     text136      001FAC
PL364                                                     text157      002930
PL366                                                     text150      001994
PL368                                                     text157      00293C
PL370                                                     text57       0008C2
PL372                                                     text137      0011A8
PL374                                                     text157      002946
PL376                                                     text157      002950
PL378                                                     text115      006156
PL38                                                      text107      003402
PL380                                                     text95       001756
PL382                                                     text95       00175E
PL384                                                     text136      001FB8
PL386                                                     text156      004A1C
PL388                                                     text129      0049B0
PL390                                                     text56       001BB6
PL392                                                     text57       0008CC
PL394                                                     text157      00295A
PL396                                                     text118      00235A
PL398                                                     text137      0011B0
PL4                                                       text108      000CE2
PL40                                                      text152      002CFA
PL400                                                     text99       002E36
PL402                                                     text191      00507C
PL404                                                     text137      0011BA
PL406                                                     text38       003EB0
PL408                                                     text146      00149A
PL410                                                     text156      004A24
PL412                                                     text146      0014A2
PL414                                                     text17       00620A
PL416                                                     text137      0011C2
PL418                                                     text60       002AB0
PL42                                                      text57       00071C
PL420                                                     text136      001FC2
PL422                                                     text65       002680
PL424                                                     text146      0014AC
PL426                                                     text185      006050
PL428                                                     text200      005328
PL430                                                     text62       004D2A
PL432                                                     text57       0008D6
PL434                                                     text202      006068
PL436                                                     text69       00315E
PL438                                                     text56       001BBE
PL44                                                      text36       00300E
PL440                                                     text96       00219A
PL442                                                     text191      005086
PL444                                                     text146      0014B6
PL446                                                     text57       0008E0
PL448                                                     text104      00502E
PL450                                                     text137      0011C8
PL452                                                     text90       003BC8
PL454                                                     text137      0011D0
PL456                                                     text118      002364
PL458                                                     text137      0011D6
PL46                                                      text33       003C5C
PL460                                                     text163      0037BE
PL462                                                     text138      003A38
PL464                                                     text137      0011DC
[...]
C:\Program Files (x86)\Microchip\xc8\v1.38\sources\common\Umul32.c estimated size: 77

mcc_generated_files/LoRaWAN/lorawan_aes_cmac.c
		_GenerateSubkey		CODE           	344E	0000	185
		_AESCmac       		CODE           	11E8	0000	565
		_FillSubKey    		CODE           	5548	0000	75

mcc_generated_files/LoRaWAN/lorawan_aes_cmac.c estimated size: 825

C:\Program Files (x86)\Microchip\xc8\v1.38\sources\common\lldiv.c
		___lldiv       		CODE           	4AAA	0000	119

C:\Program Files (x86)\Microchip\xc8\v1.38\sources\common\lldiv.c estimated size: 119

mcc_generated_files/LoRaWAN/radio_driver_SX1276.c
		_RADIO_ReceiveStart		CODE           	21AC	0000	391
		_RADIO_Init    		CODE           	236A	0000	391
		_RADIO_SetSpreadingFactor		CODE           	6228	0000	9
		_RADIO_WriteConfiguration		CODE           	0DB6	0000	969
		_RADIO_RxFSKTimeout		CODE           	5978	0000	47
		_RADIO_WriteFSKBitRate		CODE           	4DFC	0000	99
		_RADIO_WriteMode		CODE           	36EA	0000	201
		_RADIO_Reset   		CODE           	5AFC	0000	47
		_RADIO_GetStatus		CODE           	625A	0000	7
		_RADIO_RxDone  		CODE           	3EBA	0000	183
		_RADIO_WriteFSKFrequencyDeviation		CODE           	4F20	0000	95
		_RADIO_GetPacketSnr		CODE           	6254	0000	7
		_RADIO_SetModulation		CODE           	6230	0000	9
		_RADIO_RegisterWrite		CODE           	5EF2	0000	31
		_RADIO_ReadRandom		CODE           	49BA	0000	99
		_RADIO_ReleaseData		CODE           	6260	0000	7
		_RADIO_FSKPacketSent		CODE           	3364	0000	159
		_RADIO_RegisterRead		CODE           	5D1A	0000	39
		_RADIO_SetBandwidth		CODE           	6238	0000	9
		_RADIO_ReceiveStop		CODE           	602A	0000	25
		_RADIO_DIO0    		CODE           	4D34	0000	101
		_RADIO_DIO1    		CODE           	5864	0000	59
		_RADIO_DIO2    		CODE           	55DC	0000	73
		_RADIO_DIO3    		CODE           	5FFA	0000	25
		_RADIO_DIO4    		CODE           	5FE2	0000	25
		_RADIO_DIO5    		CODE           	5FCA	0000	25
		_RADIO_FHSSChangeChannel		CODE           	5A72	0000	47
		_RADIO_TxDone  		CODE           	44C6	0000	161
		_RADIO_SetFrequencyHopPeriod		CODE           	61E2	0000	11
		_RADIO_FSKPayloadReady		CODE           	4566	0000	131
		_RADIO_SetLoRaSyncWord		CODE           	61EC	0000	11
		_RADIO_SetIQInverted		CODE           	61CE	0000	11
		_RADIO_SetFSKSyncWord		CODE           	5BAE	0000	45
		_RADIO_RxTimeout		CODE           	5B2A	0000	33
		_RADIO_WritePower		CODE           	3972	0000	199
		_RADIO_SetOutputPower		CODE           	6220	0000	9
		_RADIO_WatchdogTimeout		CODE           	58D6	0000	55
		_RADIO_SetChannelFrequency		CODE           	48BE	0000	131
		_RADIO_Transmit		CODE           	1DE0	0000	417
		_RADIO_UnhandledInterrupt		CODE           	5E74	0000	33
		_RADIO_SetCRC  		CODE           	61D8	0000	11
		_RADIO_WriteFrequency		CODE           	37C4	0000	205

mcc_generated_files/LoRaWAN/radio_driver_SX1276.c estimated size: 4642

mcc_generated_files/ext_int.c
		_INT0_SetInterruptHandler		CODE           	62A2	0000	3
		_INT1_SetInterruptHandler		CODE           	61B0	0000	11
		_EXT_INT_Initialize		CODE           	54B4	0000	75
		_INT2_SetInterruptHandler		CODE           	61A6	0000	11
		_INT3_SetInterruptHandler		CODE           	62A0	0000	3
		_INT1_DefaultInterruptHandler		CODE           	62AC	0000	3
		_INT1_CallBack 		CODE           	5F48	0000	29
		_INT2_DefaultInterruptHandler		CODE           	62AA	0000	3
		_INT2_CallBack 		CODE           	5F2C	0000	29
		_INT1_ISR      		CODE           	6272	0000	7
		_INT2_ISR      		CODE           	626C	0000	7

mcc_generated_files/ext_int.c estimated size: 181

mcc_generated_files/LoRaWAN/tmr_lora_addons.c
		_TMR_ISR_Lora_Init		CODE           	6186	0000	13
		_TMR_ISR_lora  		CODE           	52E2	0000	71

mcc_generated_files/LoRaWAN/tmr_lora_addons.c estimated size: 84

shared
		PL12           		CODE           	436E	0000	19
		PL50           		CODE           	2D08	0000	13
		PL8            		CODE           	0CF2	0000	53
		PL268          		CODE           	342A	0000	11
		PL458          		CODE           	11D6	0000	7
		PL22           		CODE           	0D26	0000	21
		PL60           		CODE           	0D46	0000	55
		PL178          		CODE           	170C	0000	13
		PL368          		CODE           	293C	0000	11
		PL100          		CODE           	1918	0000	15
		PL32           		CODE           	2332	0000	11
		PL70           		CODE           	3C6E	0000	27
		PL278          		CODE           	0880	0000	13
		PL468          		CODE           	59A6	0000	7
		PL200          		CODE           	43F6	0000	15
		PL42           		CODE           	071C	0000	11
		PL80           		CODE           	2A90	0000	19
		PL188          		CODE           	5072	0000	11
		PL378          		CODE           	6156	0000	9
		PL110          		CODE           	1926	0000	21
		PL300          		CODE           	5BA0	0000	15
		PL14           		CODE           	217C	0000	15
		PL52           		CODE           	0726	0000	13
		PL90           		CODE           	2AA2	0000	15
		PL288          		CODE           	4B7A	0000	11
		PL210          		CODE           	27C8	0000	21
		PL400          		CODE           	2E36	0000	11
		PL24           		CODE           	06EA	0000	17
		PL62           		CODE           	3042	0000	21
		PL198          		CODE           	0820	0000	15
		PL388          		CODE           	49B0	0000	11
		PL120          		CODE           	1D9C	0000	31
		PL310          		CODE           	4B84	0000	15
		PL34           		CODE           	070A	0000	19
		PL72           		CODE           	5B72	0000	17
		PL298          		CODE           	3BA8	0000	13
		PL220          		CODE           	1436	0000	11
		PL410          		CODE           	4A24	0000	9
		PL44           		CODE           	300E	0000	53
		PL82           		CODE           	1BA2	0000	11
		PL398          		CODE           	11B0	0000	11
		PL130          		CODE           	43E0	0000	11
		PL320          		CODE           	3434	0000	15
		PL16           		CODE           	218A	0000	17
		PL54           		CODE           	488C	0000	13
		PL92           		CODE           	0732	0000	15
		PL230          		CODE           	1DC4	0000	19
		PL420          		CODE           	1FC2	0000	7
		PL26           		CODE           	2CEC	0000	15
		PL64           		CODE           	3AFE	0000	11
		_spreadingFactor		MEDIUMCONST    	FF9B	0000	8
		PL102          		CODE           	0762	0000	35
		PL140          		CODE           	1DBA	0000	11
		PL330          		CODE           	27EA	0000	11
		PL36           		CODE           	4708	0000	17
		PL74           		CODE           	18FC	0000	15
		PL202          		CODE           	5020	0000	15
		PL240          		CODE           	3056	0000	13
		PL430          		CODE           	4D2A	0000	11
		PL46           		CODE           	3C5C	0000	19
		PL84           		CODE           	48A2	0000	29
		_maxPayloadSize		MEDIUMCONST    	FF6D	0000	9
		PL112          		CODE           	1D84	0000	13
		PL302          		CODE           	5A6A	0000	9
		PL150          		CODE           	3EA8	0000	9
		PL340          		CODE           	1F94	0000	13
		PL18           		CODE           	3B90	0000	15
		PL56           		CODE           	4898	0000	11
		PL94           		CODE           	4718	0000	17
		PL212          		CODE           	083C	0000	21
		PL402          		CODE           	507C	0000	11
		PL250          		CODE           	174A	0000	13
		PL440          		CODE           	219A	0000	11
		PL28           		CODE           	06FA	0000	17
		PL66           		CODE           	0D7C	0000	9
		_DefaultChannels433		MEDIUMCONST    	FFA8	0000	43
		PL122          		CODE           	1F80	0000	21
		PL312          		CODE           	1458	0000	9
		PL160          		CODE           	5288	0000	9
		PL350          		CODE           	3442	0000	13
		PL38           		CODE           	3402	0000	29
		PL76           		CODE           	190A	0000	15
		PL222          		CODE           	172C	0000	19
		PL412          		CODE           	14A2	0000	11
		PL260          		CODE           	197C	0000	17
		PL450          		CODE           	11C8	0000	9
		PL48           		CODE           	0D3A	0000	13
		PL86           		CODE           	5B4A	0000	13
		_FskSyncWordBuff		MEDIUMCONST    	FFFC	0000	4
		PL132          		CODE           	233C	0000	19
		PL322          		CODE           	3BB4	0000	11
		PL170          		CODE           	07F2	0000	25
		PL360          		CODE           	3602	0000	13
		PL58           		CODE           	3AF0	0000	15
		PL96           		CODE           	0740	0000	35
		PL232          		CODE           	2E06	0000	19
		PL422          		CODE           	2680	0000	11
		PL270          		CODE           	2F3C	0000	9
		PL460          		CODE           	37BE	0000	7
		PL68           		CODE           	2D14	0000	11
		PL104          		CODE           	0D9E	0000	17
		PL142          		CODE           	43EA	0000	13
		PL332          		CODE           	2BF0	0000	11
		PL180          		CODE           	2F1C	0000	11
		PL370          		CODE           	08C2	0000	11
		PL78           		CODE           	2EF6	0000	39
		_rxWindowSize  		MEDIUMCONST    	FF85	0000	9
		i2_TMR_SwapTimer		CODE           	572E	0000	53
		i2_TMR1_ReadTimer		CODE           	5EB4	0000	33
		PL204          		CODE           	082E	0000	15
		PL242          		CODE           	37B2	0000	13
		PL432          		CODE           	08D6	0000	11
		PL280          		CODE           	1450	0000	9
		PL470          		CODE           	21A4	0000	9
		PL88           		CODE           	0D84	0000	11
		PL114          		CODE           	1D90	0000	13
		PL304          		CODE           	45F6	0000	15
		PL152          		CODE           	44AC	0000	27
		PL342          		CODE           	1190	0000	13
		PL190          		CODE           	2F26	0000	23
		PL380          		CODE           	1756	0000	9
		PL98           		CODE           	0D8E	0000	17
		_DefaultChannels868		MEDIUMCONST    	FFD2	0000	43
		PL214          		CODE           	4404	0000	11
		PL404          		CODE           	11BA	0000	9
		PL252          		CODE           	4CC2	0000	13
		PL442          		CODE           	5086	0000	11
		PL290          		CODE           	088C	0000	9
		PL124          		CODE           	42AA	0000	31
		PL314          		CODE           	4214	0000	15
		PL162          		CODE           	07D2	0000	17
		PL352          		CODE           	4222	0000	13
		PL390          		CODE           	1BB6	0000	9
		_macEndDevCmdReplyLen		MEDIUMCONST    	FF94	0000	8
		__initialization		CODE           	4604	0000	145
		PL224          		CODE           	24F0	0000	19
		PL414          		CODE           	620A	0000	7
		PL262          		CODE           	2E18	0000	17
		PL452          		CODE           	3BC8	0000	9
		PL134          		CODE           	5132	0000	15
		PL324          		CODE           	1DD6	0000	11
		PL172          		CODE           	2918	0000	25
		PL362          		CODE           	1FAC	0000	13
		_txPower868    		MEDIUMCONST    	FFA2	0000	7
		PL234          		CODE           	173E	0000	13
		PL424          		CODE           	14AC	0000	11
		PL272          		CODE           	4DEC	0000	17
		PL462          		CODE           	3A38	0000	7
		PL106          		CODE           	0784	0000	21
		PL144          		CODE           	07AC	0000	13
		PL334          		CODE           	08AC	0000	11
		PL182          		CODE           	55D2	0000	11
		PL372          		CODE           	11A8	0000	9
		i2_TMR1_WriteTimer		CODE           	605A	0000	15
		PL206          		CODE           	351C	0000	21
		PL244          		CODE           	1964	0000	13
		PL434          		CODE           	6068	0000	11
		PL282          		CODE           	2F44	0000	17
		PL472          		CODE           	4A2C	0000	7
		PL116          		CODE           	193A	0000	33
		PL306          		CODE           	4416	0000	15
		PL154          		CODE           	141C	0000	27
		PL344          		CODE           	1478	0000	11
		PL192          		CODE           	4F0A	0000	23
		PL382          		CODE           	175E	0000	9
		_rxWindowOffset		MEDIUMCONST    	FF7D	0000	9
		PL216          		CODE           	0850	0000	21
		PL406          		CODE           	3EB0	0000	11
		PL254          		CODE           	1BAC	0000	11
		PL444          		CODE           	14B6	0000	11
		PL292          		CODE           	5762	0000	15
		PL126          		CODE           	3914	0000	31
		PL316          		CODE           	198C	0000	9
		PL164          		CODE           	5538	0000	17
		PL354          		CODE           	1FA0	0000	13
		PL392          		CODE           	08CC	0000	11
		PL226          		CODE           	0864	0000	9
		PL416          		CODE           	11C2	0000	7
		PL264          		CODE           	0876	0000	11
		PL454          		CODE           	11D0	0000	7
		_STable        		MEDIUMCONST    	FE6D	0000	257
		PL136          		CODE           	3932	0000	29
		PL326          		CODE           	146E	0000	11
		PL174          		CODE           	5858	0000	13
		PL364          		CODE           	2930	0000	13
		PL236          		CODE           	4D24	0000	7
		PL426          		CODE           	6050	0000	11
		PL274          		CODE           	45E8	0000	15
		PL464          		CODE           	11DC	0000	7
		PL108          		CODE           	0798	0000	21
		PL146          		CODE           	07B8	0000	27
		PL336          		CODE           	3BBE	0000	11
		PL184          		CODE           	3B9E	0000	11
		PL374          		CODE           	2946	0000	11
		_modulation    		MEDIUMCONST    	FF75	0000	9
		PL208          		CODE           	394E	0000	21
		PL246          		CODE           	1970	0000	13
		PL436          		CODE           	315E	0000	11
		PL284          		CODE           	3962	0000	17
		PL474          		CODE           	11E2	0000	7
		PL118          		CODE           	2DE6	0000	33
		PL308          		CODE           	27DC	0000	15
		PL156          		CODE           	195A	0000	11
		PL346          		CODE           	1482	0000	13
		PL194          		CODE           	4B6E	0000	13
		PL384          		CODE           	1FB8	0000	11
		PL218          		CODE           	1718	0000	21
		PL408          		CODE           	149A	0000	9
		PL256          		CODE           	086C	0000	11
		PL446          		CODE           	08E0	0000	11
		PL294          		CODE           	0894	0000	15
		PL128          		CODE           	117E	0000	19
		PL318          		CODE           	1460	0000	15
		PL166          		CODE           	07E2	0000	9
		PL356          		CODE           	08B6	0000	13
		PL394          		CODE           	295A	0000	11
		PL228          		CODE           	1440	0000	17
		PL418          		CODE           	2AB0	0000	11
		PL266          		CODE           	440E	0000	9
		PL456          		CODE           	2364	0000	7
		PL138          		CODE           	0DAE	0000	9
		PL328          		CODE           	08A2	0000	11
		PL176          		CODE           	3506	0000	23
		PL366          		CODE           	1994	0000	9
		PL2            		CODE           	2BD6	0000	17
		PL238          		CODE           	341E	0000	13
		PL428          		CODE           	5328	0000	11
		PL276          		CODE           	3C88	0000	9
		PL466          		CODE           	50E0	0000	9
		PL148          		CODE           	4CA8	0000	27
		PL338          		CODE           	27F4	0000	11
		PL186          		CODE           	080A	0000	23
		PL376          		CODE           	2950	0000	11
		i2_SwTimersInterrupt		CODE           	40D4	0000	175
		PL10           		CODE           	3DF4	0000	17
		PL4            		CODE           	0CE2	0000	17
		_bandwidth     		MEDIUMCONST    	FF8D	0000	8
		PL248          		CODE           	3890	0000	13
		PL438          		CODE           	1BBE	0000	11
		PL286          		CODE           	2BE6	0000	11
		PL20           		CODE           	2CC4	0000	41
		PL158          		CODE           	5BF6	0000	17
		PL348          		CODE           	148E	0000	13
		PL196          		CODE           	234E	0000	13
		PL386          		CODE           	4A1C	0000	9
		PL30           		CODE           	2A78	0000	25
		PL6            		CODE           	435E	0000	17
		i2_TMR_GetDeltaTime		CODE           	389C	0000	121
		PL258          		CODE           	42C8	0000	17
		PL448          		CODE           	502E	0000	9
		PL296          		CODE           	2E28	0000	15
		PL40           		CODE           	2CFA	0000	15
		PL168          		CODE           	07EA	0000	9
		PL358          		CODE           	119C	0000	13
		PL396          		CODE           	235A	0000	11

shared estimated size: 4525

mcc_generated_files/eusart1.c
		_EUSART1_Initialize		CODE           	6072	0000	23

mcc_generated_files/eusart1.c estimated size: 23

mcc_generated_files/LoRaWAN/lorawan_eu.c
		_ExecuteNewChannel		CODE           	268A	0000	319
		_ExecuteLinkAdr		CODE           	2ABA	0000	285
		_UpdateDataRange		CODE           	42D8	0000	135
		_UpdateDutyCycle		CODE           	5B56	0000	29
		_ValidateChannelMaskCntl		CODE           	6012	0000	25
		_LORAWAN_RxTimeout		CODE           	199C	0000	519
		_ValidateChannelId		CODE           	5ED4	0000	31
		_InitDefault433Channels		CODE           	5036	0000	61
		_DutyCycleCallback		CODE           	1BC8	0000	445
		_InitDefault868Channels		CODE           	5592	0000	65
		_SelectChannelForTransmission		CODE           	4D98	0000	85
		_ValidateChannelMask		CODE           	5ACE	0000	47
		_ValidateDataRate		CODE           	60DE	0000	21
		_ValidateRxOffset		CODE           	60CA	0000	21
		_ValidateDataRange		CODE           	59AC	0000	53
		_SetCallbackSoftwareTimers		CODE           	4182	0000	147
		_StartReTxTimer		CODE           	360E	0000	221
		_SearchAvailableChannel		CODE           	4022	0000	179
		_EnableChannels		CODE           	609E	0000	23
		_UpdateFrequency		CODE           	5CA8	0000	39
		_ValidateFrequency		CODE           	4F7E	0000	93
		_EnableChannels1		CODE           	5090	0000	81
		_ExecuteRxParamSetupReq		CODE           	3062	0000	253
		_UpdateDLSettings		CODE           	5F7E	0000	27
		_GetRx1Freq    		CODE           	6118	0000	19
		_ValidateTxPower		CODE           	5DD0	0000	35
		_LORAWAN_Init  		CODE           	541C	0000	77
		_ConfigureRadioTx		CODE           	56EC	0000	67
		_LORAWAN_Reset 		CODE           	27FE	0000	283
		_ExecuteDutyCycle		CODE           	5332	0000	79
		_UpdateCfList  		CODE           	2964	0000	277
		_LORAWAN_SetChannelIdStatus		CODE           	5AA0	0000	47
		_StopAllSoftwareTimers		CODE           	53CE	0000	79
		_UpdateChannelIdStatus		CODE           	3B08	0000	137
		_ConfigureRadio		CODE           	4940	0000	113
		_LORAWAN_TxDone		CODE           	08EA	0000	1017
		_ExecuteDevStatus		CODE           	61BA	0000	11
		_CreateAllSoftwareTimers		CODE           	5290	0000	83

mcc_generated_files/LoRaWAN/lorawan_eu.c estimated size: 5528

mcc_generated_files/mcc.c
		_OSCILLATOR_Initialize		CODE           	6106	0000	19
		_SYSTEM_Initialize		CODE           	5E34	0000	33

mcc_generated_files/mcc.c estimated size: 52

C:\Program Files (x86)\Microchip\xc8\v1.38\sources\common\memset.c
		_memset        		CODE           	5C30	0000	43

C:\Program Files (x86)\Microchip\xc8\v1.38\sources\common\memset.c estimated size: 43

mcc_generated_files/tmr1.c
		_TMR1_Initialize		CODE           	56AA	0000	67
		_TMR1_SetInterruptHandler		CODE           	619C	0000	11
		_TMR1_DefaultInterruptHandler		CODE           	62A6	0000	3
		_TMR1_CallBack 		CODE           	5F10	0000	29
		_TMR1_WriteTimer		CODE           	6042	0000	15
		_TMR1_StartTimer		CODE           	6278	0000	5
		_TMR1_ReadTimer		CODE           	5E94	0000	33
		_TMR1_ISR      		CODE           	5D88	0000	37

mcc_generated_files/tmr1.c estimated size: 200

mcc_generated_files/LoRaWAN/AES.c
		_AESEncode     		CODE           	1766	0000	407
		_EncKeySchedule		CODE           	2BFA	0000	203
		_EncodeShiftRow		CODE           	3A3E	0000	179

mcc_generated_files/LoRaWAN/AES.c estimated size: 789

mcc_generated_files/spi2.c
		_SPI2_Exchange8bit		CODE           	612A	0000	19
		_SPI2_Initialize		CODE           	617A	0000	13

mcc_generated_files/spi2.c estimated size: 32

C:\Program Files (x86)\Microchip\xc8\v1.38\sources\common\abdiv.c
		___abdiv       		CODE           	51EC	0000	83

C:\Program Files (x86)\Microchip\xc8\v1.38\sources\common\abdiv.c estimated size: 83

main.c
		_sendPacket    		CODE           	5E14	0000	33
		_main          		CODE           	3C90	0000	189
		_flash         		CODE           	5668	0000	67
		_RxJoinResponse		CODE           	624E	0000	7
		_RxDataDone    		CODE           	62A4	0000	3

main.c estimated size: 299

